// Jest Snapshot v1, https://goo.gl/fbAQLP

exports[`Card matches the snapshot 1`] = `
ShallowWrapper {
  Symbol(enzyme.__root__): [Circular],
  Symbol(enzyme.__unrendered__): <Card
    cardData={
      Object {
        "favorite": false,
        "homeworld": "Tatooine",
        "name": "Luke",
        "residents": Array [
          "Leia",
          "Lando",
          "Dave",
        ],
      }
    }
  />,
  Symbol(enzyme.__renderer__): Object {
    "batchedUpdates": [Function],
    "getNode": [Function],
    "render": [Function],
    "simulateError": [Function],
    "simulateEvent": [Function],
    "unmount": [Function],
  },
  Symbol(enzyme.__node__): Object {
    "instance": null,
    "key": undefined,
    "nodeType": "host",
    "props": Object {
      "children": Array [
        <img
          alt="Luke"
          className="character-photo"
        />,
        <div
          className="card-info"
        >
          <ul>
            <li>
              name
              : 
              Luke
            </li>
            <li>
              homeworld
              : 
              Tatooine
            </li>
            <li>
              residents
              : 
              Leia, Lando, Dave
            </li>
            
          </ul>
        </div>,
      ],
      "className": "card",
    },
    "ref": null,
    "rendered": Array [
      Object {
        "instance": null,
        "key": undefined,
        "nodeType": "host",
        "props": Object {
          "alt": "Luke",
          "className": "character-photo",
        },
        "ref": null,
        "rendered": null,
        "type": "img",
      },
      Object {
        "instance": null,
        "key": undefined,
        "nodeType": "host",
        "props": Object {
          "children": <ul>
            <li>
              name
              : 
              Luke
            </li>
            <li>
              homeworld
              : 
              Tatooine
            </li>
            <li>
              residents
              : 
              Leia, Lando, Dave
            </li>
            
          </ul>,
          "className": "card-info",
        },
        "ref": null,
        "rendered": Object {
          "instance": null,
          "key": undefined,
          "nodeType": "host",
          "props": Object {
            "children": Array [
              <li>
                name
                : 
                Luke
              </li>,
              <li>
                homeworld
                : 
                Tatooine
              </li>,
              <li>
                residents
                : 
                Leia, Lando, Dave
              </li>,
              "",
            ],
          },
          "ref": null,
          "rendered": Array [
            Object {
              "instance": null,
              "key": "1539564172309",
              "nodeType": "host",
              "props": Object {
                "children": Array [
                  "name",
                  ": ",
                  "Luke",
                ],
              },
              "ref": null,
              "rendered": Array [
                "name",
                ": ",
                "Luke",
              ],
              "type": "li",
            },
            Object {
              "instance": null,
              "key": "1539564172310",
              "nodeType": "host",
              "props": Object {
                "children": Array [
                  "homeworld",
                  ": ",
                  "Tatooine",
                ],
              },
              "ref": null,
              "rendered": Array [
                "homeworld",
                ": ",
                "Tatooine",
              ],
              "type": "li",
            },
            Object {
              "instance": null,
              "key": "1539564172311",
              "nodeType": "host",
              "props": Object {
                "children": Array [
                  "residents",
                  ": ",
                  "Leia, Lando, Dave",
                ],
              },
              "ref": null,
              "rendered": Array [
                "residents",
                ": ",
                "Leia, Lando, Dave",
              ],
              "type": "li",
            },
            "",
          ],
          "type": "ul",
        },
        "type": "div",
      },
    ],
    "type": "div",
  },
  Symbol(enzyme.__nodes__): Array [
    Object {
      "instance": null,
      "key": undefined,
      "nodeType": "host",
      "props": Object {
        "children": Array [
          <img
            alt="Luke"
            className="character-photo"
          />,
          <div
            className="card-info"
          >
            <ul>
              <li>
                name
                : 
                Luke
              </li>
              <li>
                homeworld
                : 
                Tatooine
              </li>
              <li>
                residents
                : 
                Leia, Lando, Dave
              </li>
              
            </ul>
          </div>,
        ],
        "className": "card",
      },
      "ref": null,
      "rendered": Array [
        Object {
          "instance": null,
          "key": undefined,
          "nodeType": "host",
          "props": Object {
            "alt": "Luke",
            "className": "character-photo",
          },
          "ref": null,
          "rendered": null,
          "type": "img",
        },
        Object {
          "instance": null,
          "key": undefined,
          "nodeType": "host",
          "props": Object {
            "children": <ul>
              <li>
                name
                : 
                Luke
              </li>
              <li>
                homeworld
                : 
                Tatooine
              </li>
              <li>
                residents
                : 
                Leia, Lando, Dave
              </li>
              
            </ul>,
            "className": "card-info",
          },
          "ref": null,
          "rendered": Object {
            "instance": null,
            "key": undefined,
            "nodeType": "host",
            "props": Object {
              "children": Array [
                <li>
                  name
                  : 
                  Luke
                </li>,
                <li>
                  homeworld
                  : 
                  Tatooine
                </li>,
                <li>
                  residents
                  : 
                  Leia, Lando, Dave
                </li>,
                "",
              ],
            },
            "ref": null,
            "rendered": Array [
              Object {
                "instance": null,
                "key": "1539564172309",
                "nodeType": "host",
                "props": Object {
                  "children": Array [
                    "name",
                    ": ",
                    "Luke",
                  ],
                },
                "ref": null,
                "rendered": Array [
                  "name",
                  ": ",
                  "Luke",
                ],
                "type": "li",
              },
              Object {
                "instance": null,
                "key": "1539564172310",
                "nodeType": "host",
                "props": Object {
                  "children": Array [
                    "homeworld",
                    ": ",
                    "Tatooine",
                  ],
                },
                "ref": null,
                "rendered": Array [
                  "homeworld",
                  ": ",
                  "Tatooine",
                ],
                "type": "li",
              },
              Object {
                "instance": null,
                "key": "1539564172311",
                "nodeType": "host",
                "props": Object {
                  "children": Array [
                    "residents",
                    ": ",
                    "Leia, Lando, Dave",
                  ],
                },
                "ref": null,
                "rendered": Array [
                  "residents",
                  ": ",
                  "Leia, Lando, Dave",
                ],
                "type": "li",
              },
              "",
            ],
            "type": "ul",
          },
          "type": "div",
        },
      ],
      "type": "div",
    },
  ],
  Symbol(enzyme.__options__): Object {
    "adapter": ReactSixteenAdapter {
      "options": Object {
        "enableComponentDidUpdateOnSetState": true,
        "lifecycles": Object {
          "componentDidUpdate": Object {
            "onSetState": true,
          },
          "getDerivedStateFromProps": true,
          "getSnapshotBeforeUpdate": true,
          "setState": Object {
            "skipsComponentDidUpdateOnNullish": true,
          },
        },
      },
    },
  },
}
`;
