// Jest Snapshot v1, https://goo.gl/fbAQLP

exports[`Intro matches the snapshot 1`] = `undefined`;
